============================================================
  Generated by:           Genus(TM) Synthesis Solution 20.11-s111_1
  Generated on:           Jun 04 2026  12:29:43 pm
  Module:                 counter
  Operating conditions:   slow (balanced_tree)
  Wireload mode:          enclosed
  Area mode:              timing library
============================================================


Path 1: MET (20 ps) Setup Check with Pin count_reg[2]/CK->D
          Group: clk
     Startpoint: (F) up_down
          Clock: (R) clk
       Endpoint: (F) count_reg[2]/D
          Clock: (R) clk

                     Capture       Launch     
        Clock Edge:+    1000            0     
        Drv Adjust:+       0            0     
       Src Latency:+       0            0     
       Net Latency:+       0 (I)        0 (I) 
           Arrival:=    1000            0     
                                              
             Setup:-      92                  
       Uncertainty:-      10                  
     Required Time:=     898                  
      Launch Clock:-       0                  
       Input Delay:-     400                  
         Data Path:-     477                  
             Slack:=      20                  

Exceptions/Constraints:
  input_delay             400             constraints.sdc_line_5_1_1 

#---------------------------------------------------------------------------------------
# Timing Point   Flags   Arc   Edge   Cell     Fanout Load Trans Delay Arrival Instance 
#                                                     (fF)  (ps)  (ps)   (ps)  Location 
#---------------------------------------------------------------------------------------
  up_down        -       -     F     (arrival)      4 11.1     0     0     400    (-,-) 
  g1757/Y        -       A->Y  R     CLKINVX2       5 10.5    51    41     441    (-,-) 
  g1744__3680/Y  -       A0->Y F     AOI33XL        2  4.4   295   237     677    (-,-) 
  g1739__8428/Y  -       B->Y  R     NAND2XL        1  2.8   118   117     794    (-,-) 
  g1738__5107/Y  -       B0->Y F     OAI21X1        1  2.3    84    83     877    (-,-) 
  count_reg[2]/D <<<     -     F     DFFRHQX1       1    -     -     0     877    (-,-) 
#---------------------------------------------------------------------------------------

