============================================================
  Generated by:           Genus(TM) Synthesis Solution 20.11-s111_1
  Generated on:           Jun 04 2026  12:29:43 pm
  Module:                 counter
  Operating conditions:   slow (balanced_tree)
  Wireload mode:          enclosed
  Area mode:              timing library
============================================================

                             
  Gate    Instances   Area   Library 
-------------------------------------
AOI31X1           1    6.055    slow 
AOI33XL           1    7.569    slow 
CLKINVX2          1    3.784    slow 
DFFRHQX1          2   40.873    slow 
DFFRX1            2   43.900    slow 
INVXL             1    2.271    slow 
MXI2XL            1    6.055    slow 
NAND2XL           2    6.055    slow 
NAND3BX1          1    6.055    slow 
NAND3X1           1    4.541    slow 
NOR3X1            2    9.083    slow 
OAI211X1          1    5.298    slow 
OAI21X1           1    4.541    slow 
OAI22X1           1    6.055    slow 
-------------------------------------
total            18  152.137         


                                        
     Type      Instances   Area  Area % 
----------------------------------------
sequential             4  84.773   55.7 
inverter               2   6.055    4.0 
logic                 12  61.309   40.3 
physical_cells         0   0.000    0.0 
----------------------------------------
total                 18 152.137  100.0 

