###############################################################
#  Generated by:      Cadence Innovus 20.14-s095_1
#  OS:                Linux x86_64(Host ID cusat.ac.in)
#  Generated on:      Sat Jun  6 12:49:02 2026
#  Design:            mul32_pipeline
#  Command:           verifyConnectivity -type all
###############################################################
Verify Connectivity Report is created on Sat Jun  6 12:49:02 2026



Net VDD: dangling Wire at (5.605, 62.350) (5.605, 62.350) on layer: Metal1
Net VDD: dangling Wire at (5.605, 104.110) (5.605, 104.110) on layer: Metal1
Net VDD: dangling Wire at (5.605, 109.330) (5.605, 109.330) on layer: Metal1
Net VDD: dangling Wire at (212.295, 31.030) (212.295, 31.030) on layer: Metal1
Net VDD: dangling Wire at (204.730, 112.520) (204.730, 112.520) on layer: Metal9
Net VDD: dangling Wire at (204.730, 197.740) (204.730, 197.740) on layer: Metal9
Net VDD: dangling Wire at (107.890, 112.520) (107.890, 112.520) on layer: Metal9
Net VDD: dangling Wire at (107.890, 197.740) (107.890, 197.740) on layer: Metal9
Net VDD: dangling Wire at (11.050, 112.520) (11.050, 112.520) on layer: Metal9
Net VDD: dangling Wire at (11.050, 197.740) (11.050, 197.740) on layer: Metal9
Net VDD: dangling Wire at (204.730, 18.000) (204.730, 18.000) on layer: Metal9
Net VDD: dangling Wire at (204.730, 103.220) (204.730, 103.220) on layer: Metal9
Net VDD: dangling Wire at (107.890, 18.000) (107.890, 18.000) on layer: Metal9
Net VDD: dangling Wire at (107.890, 103.220) (107.890, 103.220) on layer: Metal9
Net VDD: dangling Wire at (11.050, 18.000) (11.050, 18.000) on layer: Metal9
Net VDD: dangling Wire at (11.050, 103.220) (11.050, 103.220) on layer: Metal9
Net VDD: dangling Wire at (204.730, 8.700) (204.730, 8.700) on layer: Metal9
Net VDD: dangling Wire at (107.890, 8.700) (107.890, 8.700) on layer: Metal9
Net VDD: dangling Wire at (11.050, 8.700) (11.050, 8.700) on layer: Metal9
Net VSS: dangling Wire at (214.595, 117.160) (214.595, 117.160) on layer: Metal1
Net VSS: dangling Wire at (214.595, 33.640) (214.595, 33.640) on layer: Metal1
Net VSS: dangling Wire at (3.305, 148.480) (3.305, 148.480) on layer: Metal1
Net VSS: dangling Wire at (3.305, 111.940) (3.305, 111.940) on layer: Metal1
Net VSS: dangling Wire at (3.305, 75.400) (3.305, 75.400) on layer: Metal1
Net VSS: dangling Wire at (3.305, 70.180) (3.305, 70.180) on layer: Metal1
Net VSS: dangling Wire at (207.030, 193.640) (207.030, 193.640) on layer: Metal8
Net VSS: dangling Wire at (110.190, 193.640) (110.190, 193.640) on layer: Metal8
Net VSS: dangling Wire at (13.350, 193.640) (13.350, 193.640) on layer: Metal8
Net VSS: dangling Wire at (207.030, 110.220) (207.030, 110.220) on layer: Metal9
Net VSS: dangling Wire at (110.190, 110.220) (110.190, 110.220) on layer: Metal9
Net VSS: dangling Wire at (13.350, 110.220) (13.350, 110.220) on layer: Metal9

Begin Summary
    31 Problem(s) (IMPVFC-94): The net has dangling wire(s).
    31 total info(s) created.
End Summary
