============================================================
  Generated by:           Genus(TM) Synthesis Solution 20.11-s111_1
  Generated on:           Jun 05 2026  09:53:53 am
  Module:                 mul32_pipeline
  Operating conditions:   slow (balanced_tree)
  Wireload mode:          enclosed
  Area mode:              timing library
============================================================


Path 1: MET (1 ps) Setup Check with Pin pp1_s1_reg[38]/CK->D
          Group: clk
     Startpoint: (F) a[9]
          Clock: (R) clk
       Endpoint: (R) pp1_s1_reg[38]/D
          Clock: (R) clk

                     Capture       Launch     
        Clock Edge:+    4000            0     
        Drv Adjust:+       0            0     
       Src Latency:+       0            0     
       Net Latency:+       0 (I)        0 (I) 
           Arrival:=    4000            0     
                                              
             Setup:-     124                  
       Uncertainty:-      10                  
     Required Time:=    3866                  
      Launch Clock:-       0                  
       Input Delay:-     400                  
         Data Path:-    3465                  
             Slack:=       1                  

Exceptions/Constraints:
  input_delay             400             constraint.sdc_line_5_24_1 

#---------------------------------------------------------------------------------------------------
#       Timing Point        Flags    Arc   Edge   Cell     Fanout Load Trans Delay Arrival Instance 
#                                                                 (fF)  (ps)  (ps)   (ps)  Location 
#---------------------------------------------------------------------------------------------------
  a[9]                      -       -      F     (arrival)     38 88.9     0     0     400    (-,-) 
  mul_49_43_g5686/Y         -       A->Y   R     CLKINVX8      35 73.6    82    63     463    (-,-) 
  mul_49_43_g5620/Y         -       B->Y   F     NOR2X4         1 10.9    43    45     509    (-,-) 
  mul_49_43_g5608/Y         -       B->Y   R     NOR2X4        13 42.3   191   153     661    (-,-) 
  mul_49_43_g5454/Y         -       B->Y   R     CLKAND2X6     24 69.5   117   192     853    (-,-) 
  mul_49_43_g5453/Y         -       A->Y   F     CLKINVX2      10 28.0   114   108     961    (-,-) 
  mul_49_43_g5404/Y         -       A1->Y  R     OAI22X1        1  4.9   158   139    1100    (-,-) 
  mul_49_43_cdnfadd_006_0/S -       CI->S  F     ADDFXL         1  4.9   115   356    1456    (-,-) 
  mul_49_43_cdnfadd_006_1/S -       CI->S  R     ADDFXL         3  7.1   153   409    1865    (-,-) 
  mul_49_43_g5238/Y         -       B->Y   F     NAND2XL        2  4.4   140   133    1998    (-,-) 
  mul_49_43_g5224/Y         -       A->Y   R     NAND2XL        3  6.0   121   129    2126    (-,-) 
  mul_49_43_g5201/Y         -       A0N->Y R     OAI2BB1X1      4 10.0   112   203    2330    (-,-) 
  mul_49_43_g5070/Y         -       B->Y   F     NAND3X1        2  5.5   159   148    2478    (-,-) 
  mul_49_43_g5047/Y         -       A0->Y  R     OAI21X1        1  5.3   135   146    2624    (-,-) 
  mul_49_43_g5043/Y         -       B0->Y  F     AOI21X2        5 15.0   138    84    2708    (-,-) 
  mul_49_43_g5032/Y         -       A2->Y  R     OAI31X2        6 15.9   262   224    2932    (-,-) 
  mul_49_43_g5027/Y         -       C->Y   F     NAND3BX1       1  5.3   186   174    3106    (-,-) 
  mul_49_43_g5016/Y         -       C0->Y  R     OAI211X2       5 10.6   156   106    3212    (-,-) 
  mul_49_43_g5005/Y         -       B->Y   F     NAND2XL        1  2.9   113   108    3320    (-,-) 
  mul_49_43_g4996/Y         -       C0->Y  R     OAI211X1       4  8.8   203   109    3429    (-,-) 
  mul_49_43_g4977/Y         -       B->Y   F     NAND2XL        2  4.4   152   142    3571    (-,-) 
  mul_49_43_g4957/Y         -       A1->Y  R     OAI21X1        2  4.4   126   133    3704    (-,-) 
  mul_49_43_g4949/Y         -       B->Y   F     NAND2XL        1  2.8   104   100    3804    (-,-) 
  mul_49_43_g4947/Y         -       B0->Y  R     OAI21X1        1  2.3    92    61    3865    (-,-) 
  pp1_s1_reg[38]/D          <<<     -      R     DFFRHQX1       1    -     -     0    3865    (-,-) 
#---------------------------------------------------------------------------------------------------

