============================================================
  Generated by:           Genus(TM) Synthesis Solution 20.11-s111_1
  Generated on:           Jun 05 2026  09:53:54 am
  Module:                 mul32_pipeline
  Operating conditions:   slow (balanced_tree)
  Wireload mode:          enclosed
  Area mode:              timing library
============================================================

                                
   Gate    Instances    Area    Library 
----------------------------------------
ADDFX1           122   2400.887    slow 
ADDFXL           272   5352.797    slow 
ADDHXL             1     12.110    slow 
AND2X1            43    195.280    slow 
AND2XL             1      4.541    slow 
AND4X1             1      6.812    slow 
AO21X1            17    115.806    slow 
AO21X4             8     78.718    slow 
AOI211X1           9     47.685    slow 
AOI21X1          194    881.032    slow 
AOI21X2            4     33.304    slow 
AOI21XL            6     27.248    slow 
AOI221X1           4     30.276    slow 
AOI22X1          200   1211.040    slow 
AOI2BB1X1          9     54.497    slow 
AOI31X1            1      6.055    slow 
AOI32X1            5     34.060    slow 
CLKAND2X4          3     29.519    slow 
CLKAND2X6          5     75.690    slow 
CLKINVX1          94    213.446    slow 
CLKINVX2          16     60.552    slow 
CLKINVX3           8     36.331    slow 
CLKINVX6           4     27.248    slow 
CLKINVX8           4     36.331    slow 
DFFRHQX1         323   6600.925    slow 
DFFRX1             1     21.950    slow 
INVX1            194    440.516    slow 
INVX12             4     48.442    slow 
INVXL             51    115.806    slow 
MXI2XL           388   2349.418    slow 
NAND2BX1         136    617.630    slow 
NAND2BXL           6     27.248    slow 
NAND2X1            3     11.354    slow 
NAND2XL          685   2073.906    slow 
NAND3BX1           5     30.276    slow 
NAND3X1           13     59.038    slow 
NAND4BBX1          4     36.331    slow 
NAND4BX1           1      7.569    slow 
NAND4XL            3     15.895    slow 
NOR2BX1          113    513.178    slow 
NOR2X1            10     37.845    slow 
NOR2X2             4     24.221    slow 
NOR2X4             8     78.718    slow 
NOR2XL           355   1074.798    slow 
NOR3BX1           14     84.773    slow 
NOR3X1             5     22.707    slow 
NOR4X1             1      6.055    slow 
OA21X1             6     40.873    slow 
OA21XL            11     74.933    slow 
OAI211X1          16     84.773    slow 
OAI211X2           4     45.414    slow 
OAI21X1          521   2366.069    slow 
OAI21X2            5     41.630    slow 
OAI21XL            2      9.083    slow 
OAI221X1           2     15.138    slow 
OAI22X1          319   1931.609    slow 
OAI22X2            8     78.718    slow 
OAI2BB1X1         25    132.458    slow 
OAI31X2            4     45.414    slow 
OR2X1             39    177.115    slow 
OR2XL             21     95.369    slow 
XNOR2XL            1      8.326    slow 
XOR2XL            12     99.911    slow 
----------------------------------------
total           4354  30516.694         


                                          
     Type      Instances    Area   Area % 
------------------------------------------
sequential           324  6622.875   21.7 
inverter             375   978.672    3.2 
logic               3655 22915.147   75.1 
physical_cells         0     0.000    0.0 
------------------------------------------
total               4354 30516.694  100.0 

