###############################################################
#  Generated by:      Cadence Innovus 20.14-s095_1
#  OS:                Linux x86_64(Host ID cusat.ac.in)
#  Generated on:      Sat Jun  6 14:25:23 2026
#  Design:            mul32_pipeline
#  Command:           checkDesign -io -netlist -physicalLibrary -powerGround -tieHilo -timingLibrary -spef -floorplan -place -outdir checkDesign
###############################################################
Design: mul32_pipeline

------ Design Summary:
Total Standard Cell Number   (cells) : 6796
Total Block Cell Number      (cells) : 0
Total I/O Pad Cell Number    (cells) : 0
Total Standard Cell Area     ( um^2) : 33304.36
Total Block Cell Area        ( um^2) : 0.00
Total I/O Pad Cell Area      ( um^2) : 0.00

------ Design Statistics:

Number of Instances            : 6796
Number of Non-uniquified Insts : 6772
Number of Nets                 : 4965
Average number of Pins per Net : 3.36
Maximum number of Pins in Net  : 325

------ I/O Port summary

Number of Primary I/O Ports    : 132
Number of Input Ports          : 67
Number of Output Ports         : 65
Number of Bidirectional Ports  : 0
Number of Power/Ground Ports   : 0



------------------------------------------------------------
Detail report:


------ I/O Pad/Port Checking


------ Primitive Pins DRC Checking

**WARN: Instance 'add_82_46_g3176__1705' has multiple input pins tied together to net 'add_82_46_n_2029'.

------ Primitive Net DRC Check

WARNING : Net UNCONNECTED2 has no FanOut pin
WARNING : Net UNCONNECTED1 has no FanOut pin
WARNING : Net UNCONNECTED0 has no FanOut pin
WARNING : Net UNCONNECTED has no FanOut pin
WARNING : Net psum_hi_s2[48] has no FanOut pin
WARNING : Net FE_OFN690_rst_n has 66 fanout
WARNING : Net FE_OFN691_rst_n has 74 fanout
WARNING : Net a[7] has 68 fanout
WARNING : Net a[15] has 68 fanout
WARNING : Net a[23] has 68 fanout
WARNING : Net a[31] has 68 fanout
WARNING : Net rst_n has 59 fanout
WARNING : Net clk has 324 fanout

